<<<<<<< HEAD
2a3,18
> ADD-USER superman clarkkent
> response:
> OK
> 
> ADD-USER spiderman peterpark
> response:
> OK
> 
> ADD-USER aquaman xyz
> response:
> OK
> 
> ADD-USER mary poppins
> response:
> OK
> 
3a20,27
> GET-ALL-USERS superman clarkkent
> response:
> aquaman
> mary
> spiderman
> superman
> 
> 
=======
28c28
< DENIED
---
> ERROR (No room)
32c32
< DENIED
---
> ERROR (Wrong password)
40c40
< DENIED
---
> ERROR (Wrong password)
49c49
< DENIED
---
> ERROR (Wrong password)
58c58
< DENIED
---
> OK
63c63
< DENIED
---
> ERROR (Wrong password)
68c68
< DENIED
---
> ERROR (user not in room)
72c72
< DENIED
---
> ERROR (Wrong password)
77c77
< DENIED
---
> ERROR (user not in room)
81c81
< DENIED
---
> ERROR (Wrong password)
86c86
< 
---
> ERROR (User not in room)
91c91
< 
---
> ERROR (User not in room)
96c96
< 
---
> NO-NEW-MESSAGES
105c105
< 
---
> ERROR (User not in room)
>>>>>>> 94992f8adc22d618aedb7432dd36720437e4a5f3
