2a3,14
> ADD-USER superman clarkkent
> response:
> OK
> 
> ADD-USER spiderman peterpark
> response:
> OK
> 
> ADD-USER mary poppins
> response:
> OK
> 
3a16,19
> CREATE-ROOM superman clarkkent java-programming
> response:
> OK
> 
4a21,24
> CREATE-ROOM spiderman peterpark c-programming
> response:
> OK
> 
5a26,45
> ENTER-ROOM superman clarkkent python-programming
> response:
> ERROR (No room)
> 
> ENTER-ROOM aquaman xyz python-programming
> response:
> ERROR (Wrong password)
> 
> ENTER-ROOM spiderman peterpark c-programming
> response:
> OK
> 
> ENTER-ROOM aquaman xyz c-programming
> response:
> ERROR (Wrong password)
> 
> ENTER-ROOM mary poppins c-programming
> response:
> OK
> 
6a47,54
> GET-USERS-IN-ROOM unknown clarkkent java-programming
> response:
> ERROR (Wrong password)
> 
> GET-USERS-IN-ROOM mary poppins java-programming
> response:
> 
> 
7a56,59
> ENTER-ROOM spiderman peterpark c-programming
> response:
> OK
> 
8a61,64
> GET-USERS-IN-ROOM unknown peterpark c-programming
> response:
> ERROR (Wrong password)
> 
9a66,73
> SEND-MESSAGE superman clarkkent c-programming Hi everybody!
> response:
> ERROR (user not in room)
> 
> SEND-MESSAGE unknown poppins c-programming Welcome to the talk program!
> response:
> ERROR (Wrong password)
> 
10a75,82
> SEND-MESSAGE superman clarkkent java-programming Welcome to java-programming!
> response:
> ERROR (user not in room)
> 
> SEND-MESSAGE aquaman xyz java-programming Java is based on C++!
> response:
> ERROR (Wrong password)
> 
11a84,87
> GET-MESSAGES mary poppins 0 java-programming
> response:
> ERROR (User not in room)
> 
12a89,92
> GET-MESSAGES superman clarkkent 0 c-programming
> response:
> ERROR (User not in room)
> 
13a94,101
> GET-MESSAGES mary poppins 10000 c-programming
> response:
> NO-NEW-MESSAGES
> 
> LEAVE-ROOM mary poppins c-programming
> response:
> OK
> 
14a103,106
> GET-MESSAGES superman clarkkent 4 java-programming
> response:
> ERROR (User not in room)
> 
